-- Test to ensure that catalog-only autovacuum clears catalog bloat.
-- create and switch to database
CREATE DATABASE av_catalog;
\c av_catalog
-- speed up test
ALTER SYSTEM SET autovacuum_naptime = 5;
ALTER SYSTEM SET autovacuum_vacuum_threshold = 50;
-- start_ignore
\! gpstop -u;
20230207:20:52:47:298674 gpstop:ajrdevbox:ajr-[INFO]:-Starting gpstop with args: -u
20230207:20:52:47:298674 gpstop:ajrdevbox:ajr-[INFO]:-Gathering information and validating the environment...
20230207:20:52:47:298674 gpstop:ajrdevbox:ajr-[INFO]:-Obtaining Greengage Coordinator catalog information
20230207:20:52:47:298674 gpstop:ajrdevbox:ajr-[INFO]:-Obtaining Segment details from coordinator...
20230207:20:52:47:298674 gpstop:ajrdevbox:ajr-[INFO]:-Greengage Version: 'postgres (Greengage Database) 7.0.0-alpha.0+dev.18027.g20aa1a2c48 build dev'
20230207:20:52:47:298674 gpstop:ajrdevbox:ajr-[INFO]:-Signalling all postmaster processes to reload
-- end_ignore
-- create extension and set faults for testing
CREATE EXTENSION gp_inject_fault;
SELECT gp_inject_fault('auto_vac_worker_after_report_activity', 'skip', '', '', 'pg_class', 1, 1, 0, 1);
 gp_inject_fault 
-----------------
 Success:
(1 row)

-- generate bloat on catalog tables to trigger autovacuum
BEGIN;
CREATE TABLE bloat_tbl(i int, j int, k int, l int, m int, n int, o int, p int) DISTRIBUTED BY (i)
PARTITION BY RANGE (j) (START (0) END (1000) EVERY (1));
ABORT;
-- wait for autovacuum to hit pg_class, triggering a fault
SELECT gp_wait_until_triggered_fault('auto_vac_worker_after_report_activity', 1, 1);
 gp_wait_until_triggered_fault 
-------------------------------
 Success:
(1 row)

-- clean up fault
SELECT gp_inject_fault('auto_vac_worker_after_report_activity', 'reset', 1);
 gp_inject_fault 
-----------------
 Success:
(1 row)

ALTER SYSTEM RESET autovacuum_naptime;
ALTER SYSTEM RESET autovacuum_vacuum_threshold;
-- start_ignore
\! gpstop -u;
20230207:20:52:59:298805 gpstop:ajrdevbox:ajr-[INFO]:-Starting gpstop with args: -u
20230207:20:52:59:298805 gpstop:ajrdevbox:ajr-[INFO]:-Gathering information and validating the environment...
20230207:20:52:59:298805 gpstop:ajrdevbox:ajr-[INFO]:-Obtaining Greengage Coordinator catalog information
20230207:20:52:59:298805 gpstop:ajrdevbox:ajr-[INFO]:-Obtaining Segment details from coordinator...
20230207:20:52:59:298805 gpstop:ajrdevbox:ajr-[INFO]:-Greengage Version: 'postgres (Greengage Database) 7.0.0-alpha.0+dev.18027.g20aa1a2c48 build dev'
20230207:20:52:59:298805 gpstop:ajrdevbox:ajr-[INFO]:-Signalling all postmaster processes to reload
-- end_ignore
-- clean up database
\c regression
DROP DATABASE av_catalog;
