-- Test if COPY FROM uses correct distribued transaction command protocol
CREATE TABLE test_copy_from_dtx (c1 int, c2 int);
NOTICE:  Table doesn't have 'DISTRIBUTED BY' clause -- Using column named 'c1' as the Greengage Database data distribution key for this table.
HINT:  The 'DISTRIBUTED BY' clause determines the distribution of data. Make sure column(s) chosen are the optimal data distribution key to minimize skew.
SET Test_print_direct_dispatch_info = ON;
COPY test_copy_from_dtx (c1, c2) FROM stdin;
INFO:  Distributed transaction command 'Distributed Prepare' to ALL contents: 0 1 2
INFO:  Distributed transaction command 'Distributed Commit Prepared' to ALL contents: 0 1 2
SELECT * FROM test_copy_from_dtx;
INFO:  (slice 1) Dispatch command to ALL contents: 0 1 2
 c1 | c2 
----+----
  5 |  6
  6 |  7
  9 | 10
  1 |  2
  2 |  3
  3 |  4
  4 |  5
  7 |  8
  8 |  9
(9 rows)

SET Test_print_direct_dispatch_info = OFF;
-- Clean up
DROP TABLE test_copy_from_dtx;
