-- PREPARE TRANSACTION should not work
BEGIN;
PREPARE TRANSACTION 'foo_prep_xact';
ERROR:  PREPARE TRANSACTION is not yet supported in Greengage Database
-- PREPARE TRANSACTION should not work in utility-mode connections either
\! PGOPTIONS='-c gp_role=utility' psql -X regression -c "BEGIN; PREPARE TRANSACTION 'foo_prep_xact';"
ERROR:  PREPARE TRANSACTION is not supported in utility mode
